---
source: crates/sigil-compiler/tests/workload_snapshots.rs
expression: "&result"
---
WorkloadResult {
    refine_diags: [],
    refine_workload: RefinementWorkload {
        obligations: [
            LiteralFits {
                clause: RefinementClause {
                    field: "value",
                    op: Ge,
                    rhs: Literal(
                        0,
                    ),
                    span: Span {
                        start: 1803,
                        end: 1819,
                        source: SourceId(
                            4294967295,
                        ),
                    },
                },
                value: Narrow(
                    42,
                ),
                site: Span {
                    start: 1933,
                    end: 1952,
                    source: SourceId(
                        4294967295,
                    ),
                },
                on_violated: Diagnostic {
                    code: DiagnosticCode(
                        "T210",
                    ),
                    severity: Error,
                    message: "record construction violates refinement: field `value` supplied with literal `42`, but predicate `value >= 0` is refutable",
                    hint: None,
                    span: Some(
                        Span {
                            start: 1933,
                            end: 1952,
                            source: SourceId(
                                4294967295,
                            ),
                        },
                    ),
                    source_name: None,
                    suggested_edits: None,
                },
                on_timeout: Diagnostic {
                    code: DiagnosticCode(
                        "T210",
                    ),
                    severity: Error,
                    message: "Z3 timed out within rlimit budget while discharging refinement on field `value` against literal `42`; treat as a budget-exceeded variant of T210 (no counterexample available)",
                    hint: None,
                    span: Some(
                        Span {
                            start: 1933,
                            end: 1952,
                            source: SourceId(
                                4294967295,
                            ),
                        },
                    ),
                    source_name: None,
                    suggested_edits: None,
                },
            },
        ],
    },
    cap_diags: [],
    cap_workload: AirCapabilityWorkload {
        obligations: [],
    },
}
